12:50:47 **** Incremental Build of configuration Default for project MyProject ****
make all 
[1;34mCompiling main.c[0m
main.c: In function 'main':
main.c:52:13: warning: unused variable 'prox5' [-Wunused-variable]
         int prox5 = get_calibrated_prox(5);
             ^~~~~
main.c:51:13: warning: unused variable 'prox4' [-Wunused-variable]
         int prox4 = get_calibrated_prox(4);
             ^~~~~
main.c:50:13: warning: unused variable 'prox3' [-Wunused-variable]
         int prox3 = get_calibrated_prox(3);
             ^~~~~
main.c:49:13: warning: unused variable 'prox2' [-Wunused-variable]
         int prox2 = get_calibrated_prox(2);
             ^~~~~
main.c:38:9: warning: unused variable 'str_length1' [-Wunused-variable]
     int str_length1;
         ^~~~~~~~~~~
[1;34mLinking build/Project_template.elf[0m
[1;34mCreating build/Project_template.hex[0m
[1;34mCreating build/Project_template.bin[0m
[1;34mCreating build/Project_template.dmp[0m

   text	   data	    bss	    dec	    hex	filename
  56932	   2996	   7852	  67780	  108c4	build/Project_template.elf
[1;34mCreating build/Project_template.list[0m

[1;34mDone[0m
12:51:05 **** Incremental Build of configuration Default for project MyProject ****
make all 
make: Nothing to be done for 'all'.
